Archive member included to satisfy reference by file (symbol)

/Applications/STM32CubeIDE.app/Contents/Eclipse/plugins/com.st.stm32cube.ide.mcu.externaltools.gnu-tools-for-stm32.12.3.rel1.macos64_1.0.200.202406191456/tools/bin/../lib/gcc/arm-none-eabi/12.3.1/../../../../arm-none-eabi/lib/thumb/v7-m/nofp/libc_nano.a(libc_a-exit.o)
                              /Applications/STM32CubeIDE.app/Contents/Eclipse/plugins/com.st.stm32cube.ide.mcu.externaltools.gnu-tools-for-stm32.12.3.rel1.macos64_1.0.200.202406191456/tools/bin/../lib/gcc/arm-none-eabi/12.3.1/../../../../arm-none-eabi/lib/thumb/v7-m/nofp/crt0.o (exit)
/Applications/STM32CubeIDE.app/Contents/Eclipse/plugins/com.st.stm32cube.ide.mcu.externaltools.gnu-tools-for-stm32.12.3.rel1.macos64_1.0.200.202406191456/tools/bin/../lib/gcc/arm-none-eabi/12.3.1/../../../../arm-none-eabi/lib/thumb/v7-m/nofp/libc_nano.a(libc_a-findfp.o)
                              /Applications/STM32CubeIDE.app/Contents/Eclipse/plugins/com.st.stm32cube.ide.mcu.externaltools.gnu-tools-for-stm32.12.3.rel1.macos64_1.0.200.202406191456/tools/bin/../lib/gcc/arm-none-eabi/12.3.1/../../../../arm-none-eabi/lib/thumb/v7-m/nofp/libc_nano.a(libc_a-exit.o) (__stdio_exit_handler)
/Applications/STM32CubeIDE.app/Contents/Eclipse/plugins/com.st.stm32cube.ide.mcu.externaltools.gnu-tools-for-stm32.12.3.rel1.macos64_1.0.200.202406191456/tools/bin/../lib/gcc/arm-none-eabi/12.3.1/../../../../arm-none-eabi/lib/thumb/v7-m/nofp/libc_nano.a(libc_a-fwalk.o)
                              /Applications/STM32CubeIDE.app/Contents/Eclipse/plugins/com.st.stm32cube.ide.mcu.externaltools.gnu-tools-for-stm32.12.3.rel1.macos64_1.0.200.202406191456/tools/bin/../lib/gcc/arm-none-eabi/12.3.1/../../../../arm-none-eabi/lib/thumb/v7-m/nofp/libc_nano.a(libc_a-findfp.o) (_fwalk_sglue)
/Applications/STM32CubeIDE.app/Contents/Eclipse/plugins/com.st.stm32cube.ide.mcu.externaltools.gnu-tools-for-stm32.12.3.rel1.macos64_1.0.200.202406191456/tools/bin/../lib/gcc/arm-none-eabi/12.3.1/../../../../arm-none-eabi/lib/thumb/v7-m/nofp/libc_nano.a(libc_a-memset.o)
                              /Applications/STM32CubeIDE.app/Contents/Eclipse/plugins/com.st.stm32cube.ide.mcu.externaltools.gnu-tools-for-stm32.12.3.rel1.macos64_1.0.200.202406191456/tools/bin/../lib/gcc/arm-none-eabi/12.3.1/../../../../arm-none-eabi/lib/thumb/v7-m/nofp/crt0.o (memset)
/Applications/STM32CubeIDE.app/Contents/Eclipse/plugins/com.st.stm32cube.ide.mcu.externaltools.gnu-tools-for-stm32.12.3.rel1.macos64_1.0.200.202406191456/tools/bin/../lib/gcc/arm-none-eabi/12.3.1/../../../../arm-none-eabi/lib/thumb/v7-m/nofp/libc_nano.a(libc_a-impure.o)
                              /Applications/STM32CubeIDE.app/Contents/Eclipse/plugins/com.st.stm32cube.ide.mcu.externaltools.gnu-tools-for-stm32.12.3.rel1.macos64_1.0.200.202406191456/tools/bin/../lib/gcc/arm-none-eabi/12.3.1/../../../../arm-none-eabi/lib/thumb/v7-m/nofp/libc_nano.a(libc_a-findfp.o) (_impure_data)
/Applications/STM32CubeIDE.app/Contents/Eclipse/plugins/com.st.stm32cube.ide.mcu.externaltools.gnu-tools-for-stm32.12.3.rel1.macos64_1.0.200.202406191456/tools/bin/../lib/gcc/arm-none-eabi/12.3.1/../../../../arm-none-eabi/lib/thumb/v7-m/nofp/libc_nano.a(libc_a-init.o)
                              /Applications/STM32CubeIDE.app/Contents/Eclipse/plugins/com.st.stm32cube.ide.mcu.externaltools.gnu-tools-for-stm32.12.3.rel1.macos64_1.0.200.202406191456/tools/bin/../lib/gcc/arm-none-eabi/12.3.1/../../../../arm-none-eabi/lib/thumb/v7-m/nofp/crt0.o (__libc_init_array)
/Applications/STM32CubeIDE.app/Contents/Eclipse/plugins/com.st.stm32cube.ide.mcu.externaltools.gnu-tools-for-stm32.12.3.rel1.macos64_1.0.200.202406191456/tools/bin/../lib/gcc/arm-none-eabi/12.3.1/../../../../arm-none-eabi/lib/thumb/v7-m/nofp/libc_nano.a(libc_a-lock.o)
                              /Applications/STM32CubeIDE.app/Contents/Eclipse/plugins/com.st.stm32cube.ide.mcu.externaltools.gnu-tools-for-stm32.12.3.rel1.macos64_1.0.200.202406191456/tools/bin/../lib/gcc/arm-none-eabi/12.3.1/../../../../arm-none-eabi/lib/thumb/v7-m/nofp/libc_nano.a(libc_a-findfp.o) (__retarget_lock_init_recursive)
/Applications/STM32CubeIDE.app/Contents/Eclipse/plugins/com.st.stm32cube.ide.mcu.externaltools.gnu-tools-for-stm32.12.3.rel1.macos64_1.0.200.202406191456/tools/bin/../lib/gcc/arm-none-eabi/12.3.1/../../../../arm-none-eabi/lib/thumb/v7-m/nofp/libc_nano.a(libc_a-mallocr.o)
                              /Applications/STM32CubeIDE.app/Contents/Eclipse/plugins/com.st.stm32cube.ide.mcu.externaltools.gnu-tools-for-stm32.12.3.rel1.macos64_1.0.200.202406191456/tools/bin/../lib/gcc/arm-none-eabi/12.3.1/../../../../arm-none-eabi/lib/thumb/v7-m/nofp/libc_nano.a(libc_a-findfp.o) (_malloc_r)
/Applications/STM32CubeIDE.app/Contents/Eclipse/plugins/com.st.stm32cube.ide.mcu.externaltools.gnu-tools-for-stm32.12.3.rel1.macos64_1.0.200.202406191456/tools/bin/../lib/gcc/arm-none-eabi/12.3.1/../../../../arm-none-eabi/lib/thumb/v7-m/nofp/libc_nano.a(libc_a-fflush.o)
[...]
Memory Configuration

Name             Origin             Length             Attributes
FLASH            0x08000000         0x00010000         xr
RAM              0x20000000         0x00005000         xrw
*default*        0x00000000         0xffffffff

Linker script and memory map

LOAD /Applications/STM32CubeIDE.app/Contents/Eclipse/plugins/com.st.stm32cube.ide.mcu.externaltools.gnu-tools-for-stm32.12.3.rel1.macos64_1.0.200.202406191456/tools/bin/../lib/gcc/arm-none-eabi/12.3.1/thumb/v7-m/nofp/crti.o
LOAD /Applications/STM32CubeIDE.app/Contents/Eclipse/plugins/com.st.stm32cube.ide.mcu.externaltools.gnu-tools-for-stm32.12.3.rel1.macos64_1.0.200.202406191456/tools/bin/../lib/gcc/arm-none-eabi/12.3.1/thumb/v7-m/nofp/crtbegin.o
LOAD /Applications/STM32CubeIDE.app/Contents/Eclipse/plugins/com.st.stm32cube.ide.mcu.externaltools.gnu-tools-for-stm32.12.3.rel1.macos64_1.0.200.202406191456/tools/bin/../lib/gcc/arm-none-eabi/12.3.1/../../../../arm-none-eabi/lib/thumb/v7-m/nofp/crt0.o
START GROUP
LOAD /Applications/STM32CubeIDE.app/Contents/Eclipse/plugins/com.st.stm32cube.ide.mcu.externaltools.gnu-tools-for-stm32.12.3.rel1.macos64_1.0.200.202406191456/tools/bin/../lib/gcc/arm-none-eabi/12.3.1/../../../../arm-none-eabi/lib/thumb/v7-m/nofp/libc_nano.a
LOAD /Applications/STM32CubeIDE.app/Contents/Eclipse/plugins/com.st.stm32cube.ide.mcu.externaltools.gnu-tools-for-stm32.12.3.rel1.macos64_1.0.200.202406191456/tools/bin/../lib/gcc/arm-none-eabi/12.3.1/../../../../arm-none-eabi/lib/thumb/v7-m/nofp/libm.a
END GROUP
LOAD CMakeFiles/PWM_Driver.dir/Core/Src/main.c.obj
LOAD CMakeFiles/PWM_Driver.dir/Core/Src/motor.c.obj
LOAD CMakeFiles/PWM_Driver.dir/Core/Src/printer.c.obj
LOAD CMakeFiles/PWM_Driver.dir/Drivers/STM32F1xx_HAL_Driver/Src/stm32f1xx_hal.c.obj
LOAD CMakeFiles/PWM_Driver.dir/Drivers/STM32F1xx_HAL_Driver/Src/stm32f1xx_hal_tim.c.obj
LOAD CMakeFiles/PWM_Driver.dir/Drivers/STM32F1xx_HAL_Driver/Src/stm32f1xx_hal_tim_ex.c.obj
LOAD CMakeFiles/PWM_Driver.dir/Drivers/STM32F1xx_HAL_Driver/Src/stm32f1xx_hal_gpio.c.obj
LOAD CMakeFiles/PWM_Driver.dir/Core/Src/stm32f1xx_it.c.obj
LOAD CMakeFiles/PWM_Driver.dir/Core/Src/stm32f1xx_hal_msp.c.obj
LOAD CMakeFiles/PWM_Driver.dir/Drivers/STM32F1xx_HAL_Driver/Src/stm32f1xx_hal_gpio_ex.c.obj
LOAD CMakeFiles/PWM_Driver.dir/Drivers/STM32F1xx_HAL_Driver/Src/stm32f1xx_hal_spi.c.obj
LOAD CMakeFiles/PWM_Driver.dir/Drivers/STM32F1xx_HAL_Driver/Src/stm32f1xx_hal_rcc.c.obj
LOAD CMakeFiles/PWM_Driver.dir/Drivers/STM32F1xx_HAL_Driver/Src/stm32f1xx_hal_rcc_ex.c.obj
LOAD CMakeFiles/PWM_Driver.dir/Drivers/STM32F1xx_HAL_Driver/Src/stm32f1xx_hal_dma.c.obj
LOAD CMakeFiles/PWM_Driver.dir/Drivers/STM32F1xx_HAL_Driver/Src/stm32f1xx_hal_cortex.c.obj
LOAD CMakeFiles/PWM_Driver.dir/Drivers/STM32F1xx_HAL_Driver/Src/stm32f1xx_hal_pwr.c.obj
LOAD CMakeFiles/PWM_Driver.dir/Drivers/STM32F1xx_HAL_Driver/Src/stm32f1xx_hal_flash.c.obj
LOAD CMakeFiles/PWM_Driver.dir/Drivers/STM32F1xx_HAL_Driver/Src/stm32f1xx_hal_flash_ex.c.obj
LOAD CMakeFiles/PWM_Driver.dir/Drivers/STM32F1xx_HAL_Driver/Src/stm32f1xx_hal_exti.c.obj
LOAD CMakeFiles/PWM_Driver.dir/Drivers/STM32F1xx_HAL_Driver/Src/stm32f1xx_hal_uart.c.obj
LOAD CMakeFiles/PWM_Driver.dir/Core/Src/system_stm32f1xx.c.obj
LOAD CMakeFiles/PWM_Driver.dir/Core/Src/sysmem.c.obj
LOAD CMakeFiles/PWM_Driver.dir/Core/Src/syscalls.c.obj
LOAD CMakeFiles/PWM_Driver.dir/startup_stm32f103xb.s.obj
START GROUP
LOAD /Applications/STM32CubeIDE.app/Contents/Eclipse/plugins/com.st.stm32cube.ide.mcu.externaltools.gnu-tools-for-stm32.12.3.rel1.macos64_1.0.200.202406191456/tools/bin/../lib/gcc/arm-none-eabi/12.3.1/thumb/v7-m/nofp/libgcc.a
LOAD /Applications/STM32CubeIDE.app/Contents/Eclipse/plugins/com.st.stm32cube.ide.mcu.externaltools.gnu-tools-for-stm32.12.3.rel1.macos64_1.0.200.202406191456/tools/bin/../lib/gcc/arm-none-eabi/12.3.1/../../../../arm-none-eabi/lib/thumb/v7-m/nofp/libg_nano.a
LOAD /Applications/STM32CubeIDE.app/Contents/Eclipse/plugins/com.st.stm32cube.ide.mcu.externaltools.gnu-tools-for-stm32.12.3.rel1.macos64_1.0.200.202406191456/tools/bin/../lib/gcc/arm-none-eabi/12.3.1/../../../../arm-none-eabi/lib/thumb/v7-m/nofp/libc_nano.a
END GROUP
START GROUP
LOAD /Applications/STM32CubeIDE.app/Contents/Eclipse/plugins/com.st.stm32cube.ide.mcu.externaltools.gnu-tools-for-stm32.12.3.rel1.macos64_1.0.200.202406191456/tools/bin/../lib/gcc/arm-none-eabi/12.3.1/thumb/v7-m/nofp/libgcc.a
LOAD /Applications/STM32CubeIDE.app/Contents/Eclipse/plugins/com.st.stm32cube.ide.mcu.externaltools.gnu-tools-for-stm32.12.3.rel1.macos64_1.0.200.202406191456/tools/bin/../lib/gcc/arm-none-eabi/12.3.1/../../../../arm-none-eabi/lib/thumb/v7-m/nofp/libc_nano.a
END GROUP
LOAD /Applications/STM32CubeIDE.app/Contents/Eclipse/plugins/com.st.stm32cube.ide.mcu.externaltools.gnu-tools-for-stm32.12.3.rel1.macos64_1.0.200.202406191456/tools/bin/../lib/gcc/arm-none-eabi/12.3.1/thumb/v7-m/nofp/crtend.o
LOAD /Applications/STM32CubeIDE.app/Contents/Eclipse/plugins/com.st.stm32cube.ide.mcu.externaltools.gnu-tools-for-stm32.12.3.rel1.macos64_1.0.200.202406191456/tools/bin/../lib/gcc/arm-none-eabi/12.3.1/thumb/v7-m/nofp/crtn.o
                0x20005000                        _estack = (ORIGIN (RAM) + LENGTH (RAM))
                0x00000200                        _Min_Heap_Size = 0x200
                0x00000400                        _Min_Stack_Size = 0x400

.isr_vector     0x08000000      0x10c
                0x08000000                        . = ALIGN (0x4)
 *(.isr_vector)
 .isr_vector    0x08000000      0x10c CMakeFiles/PWM_Driver.dir/startup_stm32f103xb.s.obj
                0x08000000                g_pfnVectors
                0x0800010c                        . = ALIGN (0x4)

.text           0x08000110     0x3c9c
                0x08000110                        . = ALIGN (0x4)
 *(.text)
 .text          0x08000110       0x40 /Applications/STM32CubeIDE.app/Contents/Eclipse/plugins/com.st.stm32cube.ide.mcu.externaltools.gnu-tools-for-stm32.12.3.rel1.macos64_1.0.200.202406191456/tools/bin/../lib/gcc/arm-none-eabi/12.3.1/thumb/v7-m/nofp/crtbegin.o
 .text          0x08000150      0x254 /Applications/STM32CubeIDE.app/Contents/Eclipse/plugins/com.st.stm32cube.ide.mcu.externaltools.gnu-tools-for-stm32.12.3.rel1.macos64_1.0.200.202406191456/tools/bin/../lib/gcc/arm-none-eabi/12.3.1/thumb/v7-m/nofp/libgcc.a(_arm_muldf3.o)
                0x08000150                __aeabi_dmul
                0x08000150                __muldf3
 .text          0x080003a4      0x378 /Applications/STM32CubeIDE.app/Contents/Eclipse/plugins/com.st.stm32cube.ide.mcu.externaltools.gnu-tools-for-stm32.12.3.rel1.macos64_1.0.200.202406191456/tools/bin/../lib/gcc/arm-none-eabi/12.3.1/thumb/v7-m/nofp/libgcc.a(_arm_addsubdf3.o)
                0x080003a4                __aeabi_drsub
                0x080003ac                __subdf3
                0x080003ac                __aeabi_dsub
                0x080003b0                __aeabi_dadd
                0x080003b0                __adddf3
                0x08000628                __aeabi_ui2d
                0x08000628                __floatunsidf
                0x08000648                __floatsidf
                0x08000648                __aeabi_i2d
                0x0800066c                __extendsfdf2
                0x0800066c                __aeabi_f2d
                0x080006b0                __aeabi_ul2d
                0x080006b0                __floatundidf
                0x080006c0                __aeabi_l2d
                0x080006c0                __floatdidf
 .text          0x0800071c       0x40 /Applications/STM32CubeIDE.app/Contents/Eclipse/plugins/com.st.stm32cube.ide.mcu.externaltools.gnu-tools-for-stm32.12.3.rel1.macos64_1.0.200.202406191456/tools/bin/../lib/gcc/arm-none-eabi/12.3.1/thumb/v7-m/nofp/libgcc.a(_arm_fixunsdfsi.o)
                0x0800071c                __fixunsdfsi
                0x0800071c                __aeabi_d2uiz
 *(.text*)
 .text.memset   0x0800075c       0x10 /Applications/STM32CubeIDE.app/Contents/Eclipse/plugins/com.st.stm32cube.ide.mcu.externaltools.gnu-tools-for-stm32.12.3.rel1.macos64_1.0.200.202406191456/tools/bin/../lib/gcc/arm-none-eabi/12.3.1/../../../../arm-none-eabi/lib/thumb/v7-m/nofp/libc_nano.a(libc_a-memset.o)
                0x0800075c                memset
 .text.__libc_init_array
                0x0800076c       0x48 /Applications/STM32CubeIDE.app/Contents/Eclipse/plugins/com.st.stm32cube.ide.mcu.externaltools.gnu-tools-for-stm32.12.3.rel1.macos64_1.0.200.202406191456/tools/bin/../lib/gcc/arm-none-eabi/12.3.1/../../../../arm-none-eabi/lib/thumb/v7-m/nofp/libc_nano.a(libc_a-init.o)
                0x0800076c                __libc_init_array
 .text.main     0x080007b4       0x28 CMakeFiles/PWM_Driver.dir/Core/Src/main.c.obj
                0x080007b4                main
 .text.SystemClock_Config
                0x080007dc       0x8a CMakeFiles/PWM_Driver.dir/Core/Src/main.c.obj
                0x080007dc                SystemClock_Config
 .text.Error_Handler
                0x08000866        0xc CMakeFiles/PWM_Driver.dir/Core/Src/main.c.obj
                0x08000866                Error_Handler
 *fill*         0x08000872        0x2 
 .text.Motor_GPIO_Init
                0x08000874       0x64 CMakeFiles/PWM_Driver.dir/Core/Src/motor.c.obj
                0x08000874                Motor_GPIO_Init
 .text.Motor_Enable
                0x080008d8       0x64 CMakeFiles/PWM_Driver.dir/Core/Src/motor.c.obj
                0x080008d8                Motor_Enable
 .text.MX_TIM2_Init
                0x0800093c      0x134 CMakeFiles/PWM_Driver.dir/Core/Src/motor.c.obj
 .text.Motor_Stop
                0x08000a70       0x3c CMakeFiles/PWM_Driver.dir/Core/Src/motor.c.obj
                0x08000a70                Motor_Stop
 *fill*         0x08000aac        0x4 
 .text.Motor_Run
                0x08000ab0      0x104 CMakeFiles/PWM_Driver.dir/Core/Src/motor.c.obj
                0x08000ab0                Motor_Run
 .text.MX_SPI1_Init
                0x08000bb4       0x6c CMakeFiles/PWM_Driver.dir/Core/Src/printer.c.obj
 .text.MX_USART3_UART_Init
                0x08000c20       0x64 CMakeFiles/PWM_Driver.dir/Core/Src/printer.c.obj
 .text.STB_GPIO_Init
                0x08000c84       0xb8 CMakeFiles/PWM_Driver.dir/Core/Src/printer.c.obj
                0x08000c84                STB_GPIO_Init
 .text.HeaterON
                0x08000d3c      0x148 CMakeFiles/PWM_Driver.dir/Core/Src/printer.c.obj
                0x08000d3c                HeaterON
 .text.Heater_OFF
                0x08000e84       0x28 CMakeFiles/PWM_Driver.dir/Core/Src/printer.c.obj
                0x08000e84                Heater_OFF
 .text.HAL_UART_RxCpltCallback
                0x08000eac       0x48 CMakeFiles/PWM_Driver.dir/Core/Src/printer.c.obj
                0x08000eac                HAL_UART_RxCpltCallback
 .text.newSender
                0x08000ef4       0x90 CMakeFiles/PWM_Driver.dir/Core/Src/printer.c.obj
                0x08000ef4                newSender
 .text.USART3_Receive_IT
                0x08000f84       0x20 CMakeFiles/PWM_Driver.dir/Core/Src/printer.c.obj
                0x08000f84                USART3_Receive_IT
 .text.HAL_Init
                0x08000fa4       0x2c CMakeFiles/PWM_Driver.dir/Drivers/STM32F1xx_HAL_Driver/Src/stm32f1xx_hal.c.obj
                0x08000fa4                HAL_Init
 .text.HAL_InitTick
                0x08000fd0       0x60 CMakeFiles/PWM_Driver.dir/Drivers/STM32F1xx_HAL_Driver/Src/stm32f1xx_hal.c.obj
                0x08000fd0                HAL_InitTick
 .text.HAL_IncTick
                0x08001030       0x24 CMakeFiles/PWM_Driver.dir/Drivers/STM32F1xx_HAL_Driver/Src/stm32f1xx_hal.c.obj
                0x08001030                HAL_IncTick
 .text.HAL_GetTick
                0x08001054       0x14 CMakeFiles/PWM_Driver.dir/Drivers/STM32F1xx_HAL_Driver/Src/stm32f1xx_hal.c.obj
                0x08001054                HAL_GetTick
 .text.HAL_Delay
                0x08001068       0x48 CMakeFiles/PWM_Driver.dir/Drivers/STM32F1xx_HAL_Driver/Src/stm32f1xx_hal.c.obj
                0x08001068                HAL_Delay
 .text.HAL_TIM_PWM_Init
                0x080010b0       0x9e CMakeFiles/PWM_Driver.dir/Drivers/STM32F1xx_HAL_Driver/Src/stm32f1xx_hal_tim.c.obj
                0x080010b0                HAL_TIM_PWM_Init
 *fill*         0x0800114e        0x2 
 .text.HAL_TIM_PWM_Start
                0x08001150      0x144 CMakeFiles/PWM_Driver.dir/Drivers/STM32F1xx_HAL_Driver/Src/stm32f1xx_hal_tim.c.obj
                0x08001150                HAL_TIM_PWM_Start
 .text.HAL_TIM_IRQHandler
                0x08001294      0x1e0 CMakeFiles/PWM_Driver.dir/Drivers/STM32F1xx_HAL_Driver/Src/stm32f1xx_hal_tim.c.obj
                0x08001294                HAL_TIM_IRQHandler
 .text.HAL_TIM_PWM_ConfigChannel
                0x08001474      0x184 CMakeFiles/PWM_Driver.dir/Drivers/STM32F1xx_HAL_Driver/Src/stm32f1xx_hal_tim.c.obj
                0x08001474                HAL_TIM_PWM_ConfigChannel
 .text.HAL_TIM_PeriodElapsedCallback
                0x080015f8       0x12 CMakeFiles/PWM_Driver.dir/Drivers/STM32F1xx_HAL_Driver/Src/stm32f1xx_hal_tim.c.obj
                0x080015f8                HAL_TIM_PeriodElapsedCallback
 .text.HAL_TIM_OC_DelayElapsedCallback
                0x0800160a       0x12 CMakeFiles/PWM_Driver.dir/Drivers/STM32F1xx_HAL_Driver/Src/stm32f1xx_hal_tim.c.obj
                0x0800160a                HAL_TIM_OC_DelayElapsedCallback
 .text.HAL_TIM_IC_CaptureCallback
                0x0800161c       0x12 CMakeFiles/PWM_Driver.dir/Drivers/STM32F1xx_HAL_Driver/Src/stm32f1xx_hal_tim.c.obj
                0x0800161c                HAL_TIM_IC_CaptureCallback
 .text.HAL_TIM_PWM_PulseFinishedCallback
                0x0800162e       0x12 CMakeFiles/PWM_Driver.dir/Drivers/STM32F1xx_HAL_Driver/Src/stm32f1xx_hal_tim.c.obj
                0x0800162e                HAL_TIM_PWM_PulseFinishedCallback
 .text.HAL_TIM_TriggerCallback
                0x08001640       0x12 CMakeFiles/PWM_Driver.dir/Drivers/STM32F1xx_HAL_Driver/Src/stm32f1xx_hal_tim.c.obj
                0x08001640                HAL_TIM_TriggerCallback
 *fill*         0x08001652        0x2 
 .text.TIM_Base_SetConfig
                0x08001654       0xdc CMakeFiles/PWM_Driver.dir/Drivers/STM32F1xx_HAL_Driver/Src/stm32f1xx_hal_tim.c.obj
                0x08001654                TIM_Base_SetConfig
 .text.TIM_OC1_SetConfig
                0x08001730       0xcc CMakeFiles/PWM_Driver.dir/Drivers/STM32F1xx_HAL_Driver/Src/stm32f1xx_hal_tim.c.obj
 .text.TIM_OC2_SetConfig
                0x080017fc       0xd4 CMakeFiles/PWM_Driver.dir/Drivers/STM32F1xx_HAL_Driver/Src/stm32f1xx_hal_tim.c.obj
                0x080017fc                TIM_OC2_SetConfig
 .text.TIM_OC3_SetConfig
                0x080018d0       0xd4 CMakeFiles/PWM_Driver.dir/Drivers/STM32F1xx_HAL_Driver/Src/stm32f1xx_hal_tim.c.obj
 .text.TIM_OC4_SetConfig
                0x080019a4       0x9c CMakeFiles/PWM_Driver.dir/Drivers/STM32F1xx_HAL_Driver/Src/stm32f1xx_hal_tim.c.obj
 .text.TIM_CCxChannelCmd
                0x08001a40       0x48 CMakeFiles/PWM_Driver.dir/Drivers/STM32F1xx_HAL_Driver/Src/stm32f1xx_hal_tim.c.obj
                0x08001a40                TIM_CCxChannelCmd
 .text.HAL_TIMEx_MasterConfigSynchronization
                0x08001a88       0xbc CMakeFiles/PWM_Driver.dir/Drivers/STM32F1xx_HAL_Driver/Src/stm32f1xx_hal_tim_ex.c.obj
                0x08001a88                HAL_TIMEx_MasterConfigSynchronization
 .text.HAL_TIMEx_CommutCallback
                0x08001b44       0x12 CMakeFiles/PWM_Driver.dir/Drivers/STM32F1xx_HAL_Driver/Src/stm32f1xx_hal_tim_ex.c.obj
                0x08001b44                HAL_TIMEx_CommutCallback
 .text.HAL_TIMEx_BreakCallback
                0x08001b56       0x12 CMakeFiles/PWM_Driver.dir/Drivers/STM32F1xx_HAL_Driver/Src/stm32f1xx_hal_tim_ex.c.obj
                0x08001b56                HAL_TIMEx_BreakCallback
 .text.HAL_GPIO_Init
                0x08001b68      0x308 CMakeFiles/PWM_Driver.dir/Drivers/STM32F1xx_HAL_Driver/Src/stm32f1xx_hal_gpio.c.obj
                0x08001b68                HAL_GPIO_Init
 .text.HAL_GPIO_WritePin
                0x08001e70       0x30 CMakeFiles/PWM_Driver.dir/Drivers/STM32F1xx_HAL_Driver/Src/stm32f1xx_hal_gpio.c.obj
                0x08001e70                HAL_GPIO_WritePin
 .text.NMI_Handler
                0x08001ea0        0x8 CMakeFiles/PWM_Driver.dir/Core/Src/stm32f1xx_it.c.obj
                0x08001ea0                NMI_Handler
 .text.HardFault_Handler
                0x08001ea8        0x8 CMakeFiles/PWM_Driver.dir/Core/Src/stm32f1xx_it.c.obj
                0x08001ea8                HardFault_Handler
 .text.MemManage_Handler
                0x08001eb0        0x8 CMakeFiles/PWM_Driver.dir/Core/Src/stm32f1xx_it.c.obj
                0x08001eb0                MemManage_Handler
 .text.BusFault_Handler
                0x08001eb8        0x8 CMakeFiles/PWM_Driver.dir/Core/Src/stm32f1xx_it.c.obj
                0x08001eb8                BusFault_Handler
 .text.UsageFault_Handler
                0x08001ec0        0x8 CMakeFiles/PWM_Driver.dir/Core/Src/stm32f1xx_it.c.obj
                0x08001ec0                UsageFault_Handler
 .text.SVC_Handler
                0x08001ec8        0xc CMakeFiles/PWM_Driver.dir/Core/Src/stm32f1xx_it.c.obj
                0x08001ec8                SVC_Handler
 .text.DebugMon_Handler
                0x08001ed4        0xc CMakeFiles/PWM_Driver.dir/Core/Src/stm32f1xx_it.c.obj
                0x08001ed4                DebugMon_Handler
 .text.PendSV_Handler
                0x08001ee0        0xc CMakeFiles/PWM_Driver.dir/Core/Src/stm32f1xx_it.c.obj
                0x08001ee0                PendSV_Handler
 .text.SysTick_Handler
                0x08001eec        0xc CMakeFiles/PWM_Driver.dir/Core/Src/stm32f1xx_it.c.obj
                0x08001eec                SysTick_Handler
 .text.TIM2_IRQHandler
                0x08001ef8       0x14 CMakeFiles/PWM_Driver.dir/Core/Src/stm32f1xx_it.c.obj
                0x08001ef8                TIM2_IRQHandler
 .text.USART3_IRQHandler
                0x08001f0c       0x14 CMakeFiles/PWM_Driver.dir/Core/Src/stm32f1xx_it.c.obj
                0x08001f0c                USART3_IRQHandler
 .text.HAL_MspInit
                0x08001f20       0x64 CMakeFiles/PWM_Driver.dir/Core/Src/stm32f1xx_hal_msp.c.obj
                0x08001f20                HAL_MspInit
 .text.HAL_SPI_MspInit
                0x08001f84       0xb4 CMakeFiles/PWM_Driver.dir/Core/Src/stm32f1xx_hal_msp.c.obj
                0x08001f84                HAL_SPI_MspInit
 .text.HAL_TIM_PWM_MspInit
                0x08002038       0x48 CMakeFiles/PWM_Driver.dir/Core/Src/stm32f1xx_hal_msp.c.obj
                0x08002038                HAL_TIM_PWM_MspInit
 .text.HAL_TIM_MspPostInit
                0x08002080       0x60 CMakeFiles/PWM_Driver.dir/Core/Src/stm32f1xx_hal_msp.c.obj
                0x08002080                HAL_TIM_MspPostInit
 .text.HAL_UART_MspInit
                0x080020e0       0xa8 CMakeFiles/PWM_Driver.dir/Core/Src/stm32f1xx_hal_msp.c.obj
                0x080020e0                HAL_UART_MspInit
 .text.HAL_SPI_Init
                0x08002188      0x108 CMakeFiles/PWM_Driver.dir/Drivers/STM32F1xx_HAL_Driver/Src/stm32f1xx_hal_spi.c.obj
                0x08002188                HAL_SPI_Init
 .text.HAL_SPI_Transmit
                0x08002290      0x288 CMakeFiles/PWM_Driver.dir/Drivers/STM32F1xx_HAL_Driver/Src/stm32f1xx_hal_spi.c.obj
                0x08002290                HAL_SPI_Transmit
 .text.SPI_WaitFlagStateUntilTimeout
                0x08002518      0x110 CMakeFiles/PWM_Driver.dir/Drivers/STM32F1xx_HAL_Driver/Src/stm32f1xx_hal_spi.c.obj
 .text.SPI_EndRxTxTransaction
                0x08002628       0x62 CMakeFiles/PWM_Driver.dir/Drivers/STM32F1xx_HAL_Driver/Src/stm32f1xx_hal_spi.c.obj
 *fill*         0x0800268a        0x2 
 .text.HAL_RCC_OscConfig
                0x0800268c      0x504 CMakeFiles/PWM_Driver.dir/Drivers/STM32F1xx_HAL_Driver/Src/stm32f1xx_hal_rcc.c.obj
                0x0800268c                HAL_RCC_OscConfig
 .text.HAL_RCC_ClockConfig
                0x08002b90      0x1d4 CMakeFiles/PWM_Driver.dir/Drivers/STM32F1xx_HAL_Driver/Src/stm32f1xx_hal_rcc.c.obj
                0x08002b90                HAL_RCC_ClockConfig
 .text.HAL_RCC_GetSysClockFreq
                0x08002d64       0xa8 CMakeFiles/PWM_Driver.dir/Drivers/STM32F1xx_HAL_Driver/Src/stm32f1xx_hal_rcc.c.obj
                0x08002d64                HAL_RCC_GetSysClockFreq
 .text.HAL_RCC_GetHCLKFreq
                0x08002e0c       0x14 CMakeFiles/PWM_Driver.dir/Drivers/STM32F1xx_HAL_Driver/Src/stm32f1xx_hal_rcc.c.obj
                0x08002e0c                HAL_RCC_GetHCLKFreq
 .text.HAL_RCC_GetPCLK1Freq
                0x08002e20       0x28 CMakeFiles/PWM_Driver.dir/Drivers/STM32F1xx_HAL_Driver/Src/stm32f1xx_hal_rcc.c.obj
                0x08002e20                HAL_RCC_GetPCLK1Freq
 .text.HAL_RCC_GetPCLK2Freq
                0x08002e48       0x28 CMakeFiles/PWM_Driver.dir/Drivers/STM32F1xx_HAL_Driver/Src/stm32f1xx_hal_rcc.c.obj
                0x08002e48                HAL_RCC_GetPCLK2Freq
 .text.RCC_Delay
                0x08002e70       0x3c CMakeFiles/PWM_Driver.dir/Drivers/STM32F1xx_HAL_Driver/Src/stm32f1xx_hal_rcc.c.obj
 .text.HAL_DMA_Abort
                0x08002eac       0x76 CMakeFiles/PWM_Driver.dir/Drivers/STM32F1xx_HAL_Driver/Src/stm32f1xx_hal_dma.c.obj
                0x08002eac                HAL_DMA_Abort
 *fill*         0x08002f22        0x2 
 .text.HAL_DMA_Abort_IT
                0x08002f24       0xf0 CMakeFiles/PWM_Driver.dir/Drivers/STM32F1xx_HAL_Driver/Src/stm32f1xx_hal_dma.c.obj
                0x08002f24                HAL_DMA_Abort_IT
 .text.__NVIC_SetPriorityGrouping
                0x08003014       0x48 CMakeFiles/PWM_Driver.dir/Drivers/STM32F1xx_HAL_Driver/Src/stm32f1xx_hal_cortex.c.obj
 .text.__NVIC_GetPriorityGrouping
                0x0800305c       0x1c CMakeFiles/PWM_Driver.dir/Drivers/STM32F1xx_HAL_Driver/Src/stm32f1xx_hal_cortex.c.obj
 .text.__NVIC_EnableIRQ
                0x08003078       0x38 CMakeFiles/PWM_Driver.dir/Drivers/STM32F1xx_HAL_Driver/Src/stm32f1xx_hal_cortex.c.obj
 .text.__NVIC_SetPriority
                0x080030b0       0x54 CMakeFiles/PWM_Driver.dir/Drivers/STM32F1xx_HAL_Driver/Src/stm32f1xx_hal_cortex.c.obj
 .text.NVIC_EncodePriority
                0x08003104       0x64 CMakeFiles/PWM_Driver.dir/Drivers/STM32F1xx_HAL_Driver/Src/stm32f1xx_hal_cortex.c.obj
 .text.SysTick_Config
                0x08003168       0x44 CMakeFiles/PWM_Driver.dir/Drivers/STM32F1xx_HAL_Driver/Src/stm32f1xx_hal_cortex.c.obj
 .text.HAL_NVIC_SetPriorityGrouping
                0x080031ac       0x16 CMakeFiles/PWM_Driver.dir/Drivers/STM32F1xx_HAL_Driver/Src/stm32f1xx_hal_cortex.c.obj
                0x080031ac                HAL_NVIC_SetPriorityGrouping
 .text.HAL_NVIC_SetPriority
                0x080031c2       0x38 CMakeFiles/PWM_Driver.dir/Drivers/STM32F1xx_HAL_Driver/Src/stm32f1xx_hal_cortex.c.obj
                0x080031c2                HAL_NVIC_SetPriority
 .text.HAL_NVIC_EnableIRQ
                0x080031fa       0x1c CMakeFiles/PWM_Driver.dir/Drivers/STM32F1xx_HAL_Driver/Src/stm32f1xx_hal_cortex.c.obj
                0x080031fa                HAL_NVIC_EnableIRQ
 .text.HAL_SYSTICK_Config
                0x08003216       0x18 CMakeFiles/PWM_Driver.dir/Drivers/STM32F1xx_HAL_Driver/Src/stm32f1xx_hal_cortex.c.obj
                0x08003216                HAL_SYSTICK_Config
 .text.HAL_UART_Init
                0x0800322e       0xa0 CMakeFiles/PWM_Driver.dir/Drivers/STM32F1xx_HAL_Driver/Src/stm32f1xx_hal_uart.c.obj
                0x0800322e                HAL_UART_Init
 .text.HAL_UART_Receive_IT
                0x080032ce       0x4a CMakeFiles/PWM_Driver.dir/Drivers/STM32F1xx_HAL_Driver/Src/stm32f1xx_hal_uart.c.obj
                0x080032ce                HAL_UART_Receive_IT
 .text.HAL_UART_IRQHandler
                0x08003318      0x524 CMakeFiles/PWM_Driver.dir/Drivers/STM32F1xx_HAL_Driver/Src/stm32f1xx_hal_uart.c.obj
                0x08003318                HAL_UART_IRQHandler
 .text.HAL_UART_TxCpltCallback
                0x0800383c       0x12 CMakeFiles/PWM_Driver.dir/Drivers/STM32F1xx_HAL_Driver/Src/stm32f1xx_hal_uart.c.obj
                0x0800383c                HAL_UART_TxCpltCallback
 .text.HAL_UART_ErrorCallback
                0x0800384e       0x12 CMakeFiles/PWM_Driver.dir/Drivers/STM32F1xx_HAL_Driver/Src/stm32f1xx_hal_uart.c.obj
                0x0800384e                HAL_UART_ErrorCallback
 .text.HAL_UARTEx_RxEventCallback
                0x08003860       0x16 CMakeFiles/PWM_Driver.dir/Drivers/STM32F1xx_HAL_Driver/Src/stm32f1xx_hal_uart.c.obj
                0x08003860                HAL_UARTEx_RxEventCallback
 .text.UART_Start_Receive_IT
                0x08003876       0x72 CMakeFiles/PWM_Driver.dir/Drivers/STM32F1xx_HAL_Driver/Src/stm32f1xx_hal_uart.c.obj
                0x08003876                UART_Start_Receive_IT
 .text.UART_EndRxTransfer
                0x080038e8       0xc4 CMakeFiles/PWM_Driver.dir/Drivers/STM32F1xx_HAL_Driver/Src/stm32f1xx_hal_uart.c.obj
 .text.UART_DMAAbortOnError
                0x080039ac       0x28 CMakeFiles/PWM_Driver.dir/Drivers/STM32F1xx_HAL_Driver/Src/stm32f1xx_hal_uart.c.obj
 .text.UART_Transmit_IT
                0x080039d4       0x9e CMakeFiles/PWM_Driver.dir/Drivers/STM32F1xx_HAL_Driver/Src/stm32f1xx_hal_uart.c.obj
 .text.UART_EndTransmit_IT
                0x08003a72       0x30 CMakeFiles/PWM_Driver.dir/Drivers/STM32F1xx_HAL_Driver/Src/stm32f1xx_hal_uart.c.obj
 .text.UART_Receive_IT
                0x08003aa2      0x17c CMakeFiles/PWM_Driver.dir/Drivers/STM32F1xx_HAL_Driver/Src/stm32f1xx_hal_uart.c.obj
 *fill*         0x08003c1e        0x2 
 .text.UART_SetConfig
                0x08003c20      0x11c CMakeFiles/PWM_Driver.dir/Drivers/STM32F1xx_HAL_Driver/Src/stm32f1xx_hal_uart.c.obj
 .text.SystemInit
                0x08003d3c        0xc CMakeFiles/PWM_Driver.dir/Core/Src/system_stm32f1xx.c.obj
                0x08003d3c                SystemInit
 .text.Reset_Handler
                0x08003d48       0x48 CMakeFiles/PWM_Driver.dir/startup_stm32f103xb.s.obj
                0x08003d48                Reset_Handler
 .text.Default_Handler
                0x08003d90        0x2 CMakeFiles/PWM_Driver.dir/startup_stm32f103xb.s.obj
                0x08003d90                USBWakeUp_IRQHandler
                0x08003d90                EXTI2_IRQHandler
                0x08003d90                TIM1_CC_IRQHandler
                0x08003d90                PVD_IRQHandler
                0x08003d90                EXTI3_IRQHandler
                0x08003d90                EXTI0_IRQHandler
                0x08003d90                I2C2_EV_IRQHandler
                0x08003d90                ADC1_2_IRQHandler
                0x08003d90                SPI1_IRQHandler
                0x08003d90                TAMPER_IRQHandler
                0x08003d90                DMA1_Channel4_IRQHandler
                0x08003d90                RTC_IRQHandler
                0x08003d90                DMA1_Channel7_IRQHandler
                0x08003d90                CAN1_RX1_IRQHandler
                0x08003d90                TIM4_IRQHandler
                0x08003d90                I2C1_EV_IRQHandler
                0x08003d90                DMA1_Channel6_IRQHandler
                0x08003d90                TIM3_IRQHandler
                0x08003d90                RCC_IRQHandler
                0x08003d90                TIM1_TRG_COM_IRQHandler
                0x08003d90                DMA1_Channel1_IRQHandler
                0x08003d90                Default_Handler
                0x08003d90                EXTI15_10_IRQHandler
                0x08003d90                EXTI9_5_IRQHandler
                0x08003d90                SPI2_IRQHandler
                0x08003d90                DMA1_Channel5_IRQHandler
                0x08003d90                EXTI4_IRQHandler
                0x08003d90                USB_LP_CAN1_RX0_IRQHandler
                0x08003d90                USB_HP_CAN1_TX_IRQHandler
                0x08003d90                DMA1_Channel3_IRQHandler
                0x08003d90                TIM1_UP_IRQHandler
                0x08003d90                WWDG_IRQHandler
                0x08003d90                TIM1_BRK_IRQHandler
                0x08003d90                EXTI1_IRQHandler
                0x08003d90                USART2_IRQHandler
                0x08003d90                I2C2_ER_IRQHandler
                0x08003d90                DMA1_Channel2_IRQHandler
                0x08003d90                CAN1_SCE_IRQHandler
                0x08003d90                FLASH_IRQHandler
                0x08003d90                USART1_IRQHandler
                0x08003d90                I2C1_ER_IRQHandler
                0x08003d90                RTC_Alarm_IRQHandler
 *(.glue_7)
 .glue_7        0x08003d92        0x0 linker stubs
 *(.glue_7t)
 .glue_7t       0x08003d92        0x0 linker stubs
 *(.eh_frame)
 *fill*         0x08003d92        0x2 
 .eh_frame      0x08003d94        0x0 /Applications/STM32CubeIDE.app/Contents/Eclipse/plugins/com.st.stm32cube.ide.mcu.externaltools.gnu-tools-for-stm32.12.3.rel1.macos64_1.0.200.202406191456/tools/bin/../lib/gcc/arm-none-eabi/12.3.1/thumb/v7-m/nofp/crtbegin.o
 *(.init)
 .init          0x08003d94        0x4 /Applications/STM32CubeIDE.app/Contents/Eclipse/plugins/com.st.stm32cube.ide.mcu.externaltools.gnu-tools-for-stm32.12.3.rel1.macos64_1.0.200.202406191456/tools/bin/../lib/gcc/arm-none-eabi/12.3.1/thumb/v7-m/nofp/crti.o
                0x08003d94                _init
 .init          0x08003d98        0x8 /Applications/STM32CubeIDE.app/Contents/Eclipse/plugins/com.st.stm32cube.ide.mcu.externaltools.gnu-tools-for-stm32.12.3.rel1.macos64_1.0.200.202406191456/tools/bin/../lib/gcc/arm-none-eabi/12.3.1/thumb/v7-m/nofp/crtn.o
 *(.fini)
 .fini          0x08003da0        0x4 /Applications/STM32CubeIDE.app/Contents/Eclipse/plugins/com.st.stm32cube.ide.mcu.externaltools.gnu-tools-for-stm32.12.3.rel1.macos64_1.0.200.202406191456/tools/bin/../lib/gcc/arm-none-eabi/12.3.1/thumb/v7-m/nofp/crti.o
                0x08003da0                _fini
 .fini          0x08003da4        0x8 /Applications/STM32CubeIDE.app/Contents/Eclipse/plugins/com.st.stm32cube.ide.mcu.externaltools.gnu-tools-for-stm32.12.3.rel1.macos64_1.0.200.202406191456/tools/bin/../lib/gcc/arm-none-eabi/12.3.1/thumb/v7-m/nofp/crtn.o
                0x08003dac                        . = ALIGN (0x4)

.vfp11_veneer   0x08003dac        0x0
 .vfp11_veneer  0x08003dac        0x0 linker stubs

.v4_bx          0x08003dac        0x0
 .v4_bx         0x08003dac        0x0 linker stubs

.iplt           0x08003dac        0x0
 .iplt          0x08003dac        0x0 /Applications/STM32CubeIDE.app/Contents/Eclipse/plugins/com.st.stm32cube.ide.mcu.externaltools.gnu-tools-for-stm32.12.3.rel1.macos64_1.0.200.202406191456/tools/bin/../lib/gcc/arm-none-eabi/12.3.1/thumb/v7-m/nofp/crtbegin.o

.rodata         0x08003dac       0x7c
                0x08003dac                        . = ALIGN (0x4)
 *(.rodata)
 *(.rodata*)
 .rodata.motorTable
                0x08003dac       0x20 CMakeFiles/PWM_Driver.dir/Core/Src/motor.c.obj
                0x08003dac                motorTable
 .rodata.testImage.0
                0x08003dcc       0x30 CMakeFiles/PWM_Driver.dir/Core/Src/printer.c.obj
 .rodata.aPLLMULFactorTable.1
                0x08003dfc       0x10 CMakeFiles/PWM_Driver.dir/Drivers/STM32F1xx_HAL_Driver/Src/stm32f1xx_hal_rcc.c.obj
 .rodata.aPredivFactorTable.0
                0x08003e0c        0x2 CMakeFiles/PWM_Driver.dir/Drivers/STM32F1xx_HAL_Driver/Src/stm32f1xx_hal_rcc.c.obj
 *fill*         0x08003e0e        0x2 
 .rodata.AHBPrescTable
                0x08003e10       0x10 CMakeFiles/PWM_Driver.dir/Core/Src/system_stm32f1xx.c.obj
                0x08003e10                AHBPrescTable
 .rodata.APBPrescTable
                0x08003e20        0x8 CMakeFiles/PWM_Driver.dir/Core/Src/system_stm32f1xx.c.obj
                0x08003e20                APBPrescTable
                0x08003e28                        . = ALIGN (0x4)

.rel.dyn        0x08003e28        0x0
 .rel.iplt      0x08003e28        0x0 /Applications/STM32CubeIDE.app/Contents/Eclipse/plugins/com.st.stm32cube.ide.mcu.externaltools.gnu-tools-for-stm32.12.3.rel1.macos64_1.0.200.202406191456/tools/bin/../lib/gcc/arm-none-eabi/12.3.1/thumb/v7-m/nofp/crtbegin.o

.ARM.extab
 *(.ARM.extab* .gnu.linkonce.armextab.*)

.ARM            0x08003e28        0x0
                0x08003e28                        __exidx_start = .
 *(.ARM.exidx*)
                0x08003e28                        __exidx_end = .

.preinit_array  0x08003e28        0x0
                0x08003e28                        PROVIDE (__preinit_array_start = .)
 *(.preinit_array*)
                0x08003e28                        PROVIDE (__preinit_array_end = .)

.init_array     0x08003e28        0x4
                0x08003e28                        PROVIDE (__init_array_start = .)
 *(SORT_BY_NAME(.init_array.*))
 *(.init_array*)
 .init_array    0x08003e28        0x4 /Applications/STM32CubeIDE.app/Contents/Eclipse/plugins/com.st.stm32cube.ide.mcu.externaltools.gnu-tools-for-stm32.12.3.rel1.macos64_1.0.200.202406191456/tools/bin/../lib/gcc/arm-none-eabi/12.3.1/thumb/v7-m/nofp/crtbegin.o
                0x08003e2c                        PROVIDE (__init_array_end = .)

.fini_array     0x08003e2c        0x4
                [!provide]                        PROVIDE (__fini_array_start = .)
 *(SORT_BY_NAME(.fini_array.*))
 *(.fini_array*)
 .fini_array    0x08003e2c        0x4 /Applications/STM32CubeIDE.app/Contents/Eclipse/plugins/com.st.stm32cube.ide.mcu.externaltools.gnu-tools-for-stm32.12.3.rel1.macos64_1.0.200.202406191456/tools/bin/../lib/gcc/arm-none-eabi/12.3.1/thumb/v7-m/nofp/crtbegin.o
                [!provide]                        PROVIDE (__fini_array_end = .)
                0x08003e30                        _sidata = LOADADDR (.data)

.data           0x20000000        0xc load address 0x08003e30
                0x20000000                        . = ALIGN (0x4)
                0x20000000                        _sdata = .
 *(.data)
 *(.data*)
 .data.uwTickPrio
                0x20000000        0x4 CMakeFiles/PWM_Driver.dir/Drivers/STM32F1xx_HAL_Driver/Src/stm32f1xx_hal.c.obj
                0x20000000                uwTickPrio
 .data.uwTickFreq
                0x20000004        0x1 CMakeFiles/PWM_Driver.dir/Drivers/STM32F1xx_HAL_Driver/Src/stm32f1xx_hal.c.obj
                0x20000004                uwTickFreq
 *fill*         0x20000005        0x3 
 .data.SystemCoreClock
                0x20000008        0x4 CMakeFiles/PWM_Driver.dir/Core/Src/system_stm32f1xx.c.obj
                0x20000008                SystemCoreClock
                0x2000000c                        . = ALIGN (0x4)
                0x2000000c                        _edata = .

.igot.plt       0x2000000c        0x0 load address 0x08003e3c
 .igot.plt      0x2000000c        0x0 /Applications/STM32CubeIDE.app/Contents/Eclipse/plugins/com.st.stm32cube.ide.mcu.externaltools.gnu-tools-for-stm32.12.3.rel1.macos64_1.0.200.202406191456/tools/bin/../lib/gcc/arm-none-eabi/12.3.1/thumb/v7-m/nofp/crtbegin.o

.bss            0x2000000c      0x110 load address 0x08003e3c
                0x2000000c                        . = ALIGN (0x4)
                0x2000000c                        _sbss = .
                0x2000000c                        __bss_start__ = _sbss
 *(.bss)
 .bss           0x2000000c       0x1c /Applications/STM32CubeIDE.app/Contents/Eclipse/plugins/com.st.stm32cube.ide.mcu.externaltools.gnu-tools-for-stm32.12.3.rel1.macos64_1.0.200.202406191456/tools/bin/../lib/gcc/arm-none-eabi/12.3.1/thumb/v7-m/nofp/crtbegin.o
 *(.bss*)
 .bss.htim2     0x20000028       0x48 CMakeFiles/PWM_Driver.dir/Core/Src/motor.c.obj
                0x20000028                htim2
 .bss.current_step.0
                0x20000070        0x1 CMakeFiles/PWM_Driver.dir/Core/Src/motor.c.obj
 *fill*         0x20000071        0x3 
 .bss.hspi1     0x20000074       0x58 CMakeFiles/PWM_Driver.dir/Core/Src/printer.c.obj
                0x20000074                hspi1
 .bss.huart3    0x200000cc       0x48 CMakeFiles/PWM_Driver.dir/Core/Src/printer.c.obj
                0x200000cc                huart3
 .bss.outputData
                0x20000114        0x1 CMakeFiles/PWM_Driver.dir/Core/Src/printer.c.obj
                0x20000114                outputData
 .bss.rx_buffer
                0x20000115        0x1 CMakeFiles/PWM_Driver.dir/Core/Src/printer.c.obj
                0x20000115                rx_buffer
 .bss.rx_index  0x20000116        0x1 CMakeFiles/PWM_Driver.dir/Core/Src/printer.c.obj
                0x20000116                rx_index
 *fill*         0x20000117        0x1 
 .bss.uwTick    0x20000118        0x4 CMakeFiles/PWM_Driver.dir/Drivers/STM32F1xx_HAL_Driver/Src/stm32f1xx_hal.c.obj
                0x20000118                uwTick
 *(COMMON)
                0x2000011c                        . = ALIGN (0x4)
                0x2000011c                        _ebss = .
                0x2000011c                        __bss_end__ = _ebss

._user_heap_stack
                0x2000011c      0x604 load address 0x08003e3c
                0x20000120                        . = ALIGN (0x8)
 *fill*         0x2000011c        0x4 
                [!provide]                        PROVIDE (end = .)
                0x20000120                        PROVIDE (_end = .)
                0x20000320                        . = (. + _Min_Heap_Size)
 *fill*         0x20000120      0x200 
                0x20000720                        . = (. + _Min_Stack_Size)
 *fill*         0x20000320      0x400 
                0x20000720                        . = ALIGN (0x8)

/DISCARD/
 libc.a(*)
 libm.a(*)
 libgcc.a(*)

.ARM.attributes
                0x00000000       0x29
 *(.ARM.attributes)
 .ARM.attributes
                0x00000000       0x1d /Applications/STM32CubeIDE.app/Contents/Eclipse/plugins/com.st.stm32cube.ide.mcu.externaltools.gnu-tools-for-stm32.12.3.rel1.macos64_1.0.200.202406191456/tools/bin/../lib/gcc/arm-none-eabi/12.3.1/thumb/v7-m/nofp/crti.o
 .ARM.attributes
                0x0000001d       0x2d /Applications/STM32CubeIDE.app/Contents/Eclipse/plugins/com.st.stm32cube.ide.mcu.externaltools.gnu-tools-for-stm32.12.3.rel1.macos64_1.0.200.202406191456/tools/bin/../lib/gcc/arm-none-eabi/12.3.1/thumb/v7-m/nofp/crtbegin.o
 .ARM.attributes
                0x0000004a       0x2d /Applications/STM32CubeIDE.app/Contents/Eclipse/plugins/com.st.stm32cube.ide.mcu.externaltools.gnu-tools-for-stm32.12.3.rel1.macos64_1.0.200.202406191456/tools/bin/../lib/gcc/arm-none-eabi/12.3.1/../../../../arm-none-eabi/lib/thumb/v7-m/nofp/libc_nano.a(libc_a-memset.o)
 .ARM.attributes
                0x00000077       0x2d /Applications/STM32CubeIDE.app/Contents/Eclipse/plugins/com.st.stm32cube.ide.mcu.externaltools.gnu-tools-for-stm32.12.3.rel1.macos64_1.0.200.202406191456/tools/bin/../lib/gcc/arm-none-eabi/12.3.1/../../../../arm-none-eabi/lib/thumb/v7-m/nofp/libc_nano.a(libc_a-init.o)
 .ARM.attributes
                0x000000a4       0x2d CMakeFiles/PWM_Driver.dir/Core/Src/main.c.obj
 .ARM.attributes
                0x000000d1       0x2d CMakeFiles/PWM_Driver.dir/Core/Src/motor.c.obj
 .ARM.attributes
                0x000000fe       0x2d CMakeFiles/PWM_Driver.dir/Core/Src/printer.c.obj
 .ARM.attributes
                0x0000012b       0x2d CMakeFiles/PWM_Driver.dir/Drivers/STM32F1xx_HAL_Driver/Src/stm32f1xx_hal.c.obj
 .ARM.attributes
                0x00000158       0x2d CMakeFiles/PWM_Driver.dir/Drivers/STM32F1xx_HAL_Driver/Src/stm32f1xx_hal_tim.c.obj
 .ARM.attributes
                0x00000185       0x2d CMakeFiles/PWM_Driver.dir/Drivers/STM32F1xx_HAL_Driver/Src/stm32f1xx_hal_tim_ex.c.obj
 .ARM.attributes
                0x000001b2       0x2d CMakeFiles/PWM_Driver.dir/Drivers/STM32F1xx_HAL_Driver/Src/stm32f1xx_hal_gpio.c.obj
 .ARM.attributes
                0x000001df       0x2d CMakeFiles/PWM_Driver.dir/Core/Src/stm32f1xx_it.c.obj
 .ARM.attributes
                0x0000020c       0x2d CMakeFiles/PWM_Driver.dir/Core/Src/stm32f1xx_hal_msp.c.obj
 .ARM.attributes
                0x00000239       0x2d CMakeFiles/PWM_Driver.dir/Drivers/STM32F1xx_HAL_Driver/Src/stm32f1xx_hal_spi.c.obj
 .ARM.attributes
                0x00000266       0x2d CMakeFiles/PWM_Driver.dir/Drivers/STM32F1xx_HAL_Driver/Src/stm32f1xx_hal_rcc.c.obj
 .ARM.attributes
                0x00000293       0x2d CMakeFiles/PWM_Driver.dir/Drivers/STM32F1xx_HAL_Driver/Src/stm32f1xx_hal_dma.c.obj
 .ARM.attributes
                0x000002c0       0x2d CMakeFiles/PWM_Driver.dir/Drivers/STM32F1xx_HAL_Driver/Src/stm32f1xx_hal_cortex.c.obj
 .ARM.attributes
                0x000002ed       0x2d CMakeFiles/PWM_Driver.dir/Drivers/STM32F1xx_HAL_Driver/Src/stm32f1xx_hal_uart.c.obj
 .ARM.attributes
                0x0000031a       0x2d CMakeFiles/PWM_Driver.dir/Core/Src/system_stm32f1xx.c.obj
 .ARM.attributes
                0x00000347       0x21 CMakeFiles/PWM_Driver.dir/startup_stm32f103xb.s.obj
 .ARM.attributes
                0x00000368       0x1d /Applications/STM32CubeIDE.app/Contents/Eclipse/plugins/com.st.stm32cube.ide.mcu.externaltools.gnu-tools-for-stm32.12.3.rel1.macos64_1.0.200.202406191456/tools/bin/../lib/gcc/arm-none-eabi/12.3.1/thumb/v7-m/nofp/libgcc.a(_arm_muldf3.o)
 .ARM.attributes
                0x00000385       0x1d /Applications/STM32CubeIDE.app/Contents/Eclipse/plugins/com.st.stm32cube.ide.mcu.externaltools.gnu-tools-for-stm32.12.3.rel1.macos64_1.0.200.202406191456/tools/bin/../lib/gcc/arm-none-eabi/12.3.1/thumb/v7-m/nofp/libgcc.a(_arm_addsubdf3.o)
 .ARM.attributes
                0x000003a2       0x1d /Applications/STM32CubeIDE.app/Contents/Eclipse/plugins/com.st.stm32cube.ide.mcu.externaltools.gnu-tools-for-stm32.12.3.rel1.macos64_1.0.200.202406191456/tools/bin/../lib/gcc/arm-none-eabi/12.3.1/thumb/v7-m/nofp/libgcc.a(_arm_fixunsdfsi.o)
 .ARM.attributes
                0x000003bf       0x1d /Applications/STM32CubeIDE.app/Contents/Eclipse/plugins/com.st.stm32cube.ide.mcu.externaltools.gnu-tools-for-stm32.12.3.rel1.macos64_1.0.200.202406191456/tools/bin/../lib/gcc/arm-none-eabi/12.3.1/thumb/v7-m/nofp/crtn.o
OUTPUT(PWM_Driver.elf elf32-littlearm)
LOAD linker stubs
LOAD /Applications/STM32CubeIDE.app/Contents/Eclipse/plugins/com.st.stm32cube.ide.mcu.externaltools.gnu-tools-for-stm32.12.3.rel1.macos64_1.0.200.202406191456/tools/bin/../lib/gcc/arm-none-eabi/12.3.1/../../../../arm-none-eabi/lib/thumb/v7-m/nofp/libc.a
LOAD /Applications/STM32CubeIDE.app/Contents/Eclipse/plugins/com.st.stm32cube.ide.mcu.externaltools.gnu-tools-for-stm32.12.3.rel1.macos64_1.0.200.202406191456/tools/bin/../lib/gcc/arm-none-eabi/12.3.1/../../../../arm-none-eabi/lib/thumb/v7-m/nofp/libm.a
LOAD /Applications/STM32CubeIDE.app/Contents/Eclipse/plugins/com.st.stm32cube.ide.mcu.externaltools.gnu-tools-for-stm32.12.3.rel1.macos64_1.0.200.202406191456/tools/bin/../lib/gcc/arm-none-eabi/12.3.1/thumb/v7-m/nofp/libgcc.a

.debug_frame    0x00000000     0x3cc4
 .debug_frame   0x00000000       0x20 /Applications/STM32CubeIDE.app/Contents/Eclipse/plugins/com.st.stm32cube.ide.mcu.externaltools.gnu-tools-for-stm32.12.3.rel1.macos64_1.0.200.202406191456/tools/bin/../lib/gcc/arm-none-eabi/12.3.1/../../../../arm-none-eabi/lib/thumb/v7-m/nofp/libc_nano.a(libc_a-memset.o)
 .debug_frame   0x00000020       0x2c /Applications/STM32CubeIDE.app/Contents/Eclipse/plugins/com.st.stm32cube.ide.mcu.externaltools.gnu-tools-for-stm32.12.3.rel1.macos64_1.0.200.202406191456/tools/bin/../lib/gcc/arm-none-eabi/12.3.1/../../../../arm-none-eabi/lib/thumb/v7-m/nofp/libc_nano.a(libc_a-init.o)
 .debug_frame   0x0000004c       0x68 CMakeFiles/PWM_Driver.dir/Core/Src/main.c.obj
 .debug_frame   0x000000b4       0xbc CMakeFiles/PWM_Driver.dir/Core/Src/motor.c.obj
 .debug_frame   0x00000170      0x16c CMakeFiles/PWM_Driver.dir/Core/Src/printer.c.obj
 .debug_frame   0x000002dc      0x334 CMakeFiles/PWM_Driver.dir/Drivers/STM32F1xx_HAL_Driver/Src/stm32f1xx_hal.c.obj
 .debug_frame   0x00000610     0x11b8 CMakeFiles/PWM_Driver.dir/Drivers/STM32F1xx_HAL_Driver/Src/stm32f1xx_hal_tim.c.obj
 .debug_frame   0x000017c8      0x638 CMakeFiles/PWM_Driver.dir/Drivers/STM32F1xx_HAL_Driver/Src/stm32f1xx_hal_tim_ex.c.obj
 .debug_frame   0x00001e00      0x14c CMakeFiles/PWM_Driver.dir/Drivers/STM32F1xx_HAL_Driver/Src/stm32f1xx_hal_gpio.c.obj
 .debug_frame   0x00001f4c      0x13c CMakeFiles/PWM_Driver.dir/Core/Src/stm32f1xx_it.c.obj
 .debug_frame   0x00002088      0x134 CMakeFiles/PWM_Driver.dir/Core/Src/stm32f1xx_hal_msp.c.obj
 .debug_frame   0x000021bc      0x824 CMakeFiles/PWM_Driver.dir/Drivers/STM32F1xx_HAL_Driver/Src/stm32f1xx_hal_spi.c.obj
 .debug_frame   0x000029e0      0x218 CMakeFiles/PWM_Driver.dir/Drivers/STM32F1xx_HAL_Driver/Src/stm32f1xx_hal_rcc.c.obj
 .debug_frame   0x00002bf8      0x208 CMakeFiles/PWM_Driver.dir/Drivers/STM32F1xx_HAL_Driver/Src/stm32f1xx_hal_dma.c.obj
 .debug_frame   0x00002e00      0x428 CMakeFiles/PWM_Driver.dir/Drivers/STM32F1xx_HAL_Driver/Src/stm32f1xx_hal_cortex.c.obj
 .debug_frame   0x00003228      0x944 CMakeFiles/PWM_Driver.dir/Drivers/STM32F1xx_HAL_Driver/Src/stm32f1xx_hal_uart.c.obj
 .debug_frame   0x00003b6c       0x58 CMakeFiles/PWM_Driver.dir/Core/Src/system_stm32f1xx.c.obj
 .debug_frame   0x00003bc4       0x30 /Applications/STM32CubeIDE.app/Contents/Eclipse/plugins/com.st.stm32cube.ide.mcu.externaltools.gnu-tools-for-stm32.12.3.rel1.macos64_1.0.200.202406191456/tools/bin/../lib/gcc/arm-none-eabi/12.3.1/thumb/v7-m/nofp/libgcc.a(_arm_muldf3.o)
 .debug_frame   0x00003bf4       0xac /Applications/STM32CubeIDE.app/Contents/Eclipse/plugins/com.st.stm32cube.ide.mcu.externaltools.gnu-tools-for-stm32.12.3.rel1.macos64_1.0.200.202406191456/tools/bin/../lib/gcc/arm-none-eabi/12.3.1/thumb/v7-m/nofp/libgcc.a(_arm_addsubdf3.o)
 .debug_frame   0x00003ca0       0x24 /Applications/STM32CubeIDE.app/Contents/Eclipse/plugins/com.st.stm32cube.ide.mcu.externaltools.gnu-tools-for-stm32.12.3.rel1.macos64_1.0.200.202406191456/tools/bin/../lib/gcc/arm-none-eabi/12.3.1/thumb/v7-m/nofp/libgcc.a(_arm_fixunsdfsi.o)

.debug_info     0x00000000     0xdf80
 .debug_info    0x00000000      0x2b1 CMakeFiles/PWM_Driver.dir/Core/Src/main.c.obj
 .debug_info    0x000002b1      0xc1c CMakeFiles/PWM_Driver.dir/Core/Src/motor.c.obj
 .debug_info    0x00000ecd      0xda3 CMakeFiles/PWM_Driver.dir/Core/Src/printer.c.obj
 .debug_info    0x00001c70      0x704 CMakeFiles/PWM_Driver.dir/Drivers/STM32F1xx_HAL_Driver/Src/stm32f1xx_hal.c.obj
 .debug_info    0x00002374     0x2959 CMakeFiles/PWM_Driver.dir/Drivers/STM32F1xx_HAL_Driver/Src/stm32f1xx_hal_tim.c.obj
 .debug_info    0x00004ccd     0x149b CMakeFiles/PWM_Driver.dir/Drivers/STM32F1xx_HAL_Driver/Src/stm32f1xx_hal_tim_ex.c.obj
 .debug_info    0x00006168      0x5ab CMakeFiles/PWM_Driver.dir/Drivers/STM32F1xx_HAL_Driver/Src/stm32f1xx_hal_gpio.c.obj
 .debug_info    0x00006713      0x94c CMakeFiles/PWM_Driver.dir/Core/Src/stm32f1xx_it.c.obj
 .debug_info    0x0000705f     0x1087 CMakeFiles/PWM_Driver.dir/Core/Src/stm32f1xx_hal_msp.c.obj
 .debug_info    0x000080e6     0x142d CMakeFiles/PWM_Driver.dir/Drivers/STM32F1xx_HAL_Driver/Src/stm32f1xx_hal_spi.c.obj
 .debug_info    0x00009513      0x7d5 CMakeFiles/PWM_Driver.dir/Drivers/STM32F1xx_HAL_Driver/Src/stm32f1xx_hal_rcc.c.obj
 .debug_info    0x00009ce8      0x6d2 CMakeFiles/PWM_Driver.dir/Drivers/STM32F1xx_HAL_Driver/Src/stm32f1xx_hal_dma.c.obj
 .debug_info    0x0000a3ba      0xa87 CMakeFiles/PWM_Driver.dir/Drivers/STM32F1xx_HAL_Driver/Src/stm32f1xx_hal_cortex.c.obj
 .debug_info    0x0000ae41     0x2eed CMakeFiles/PWM_Driver.dir/Drivers/STM32F1xx_HAL_Driver/Src/stm32f1xx_hal_uart.c.obj
 .debug_info    0x0000dd2e      0x222 CMakeFiles/PWM_Driver.dir/Core/Src/system_stm32f1xx.c.obj
 .debug_info    0x0000df50       0x30 CMakeFiles/PWM_Driver.dir/startup_stm32f103xb.s.obj

.debug_abbrev   0x00000000     0x211a
 .debug_abbrev  0x00000000      0x187 CMakeFiles/PWM_Driver.dir/Core/Src/main.c.obj
 .debug_abbrev  0x00000187      0x267 CMakeFiles/PWM_Driver.dir/Core/Src/motor.c.obj
 .debug_abbrev  0x000003ee      0x238 CMakeFiles/PWM_Driver.dir/Core/Src/printer.c.obj
 .debug_abbrev  0x00000626      0x201 CMakeFiles/PWM_Driver.dir/Drivers/STM32F1xx_HAL_Driver/Src/stm32f1xx_hal.c.obj
 .debug_abbrev  0x00000827      0x277 CMakeFiles/PWM_Driver.dir/Drivers/STM32F1xx_HAL_Driver/Src/stm32f1xx_hal_tim.c.obj
 .debug_abbrev  0x00000a9e      0x282 CMakeFiles/PWM_Driver.dir/Drivers/STM32F1xx_HAL_Driver/Src/stm32f1xx_hal_tim_ex.c.obj
 .debug_abbrev  0x00000d20      0x1ca CMakeFiles/PWM_Driver.dir/Drivers/STM32F1xx_HAL_Driver/Src/stm32f1xx_hal_gpio.c.obj
 .debug_abbrev  0x00000eea      0x19b CMakeFiles/PWM_Driver.dir/Core/Src/stm32f1xx_it.c.obj
 .debug_abbrev  0x00001085      0x20a CMakeFiles/PWM_Driver.dir/Core/Src/stm32f1xx_hal_msp.c.obj
 .debug_abbrev  0x0000128f      0x27a CMakeFiles/PWM_Driver.dir/Drivers/STM32F1xx_HAL_Driver/Src/stm32f1xx_hal_spi.c.obj
 .debug_abbrev  0x00001509      0x2b3 CMakeFiles/PWM_Driver.dir/Drivers/STM32F1xx_HAL_Driver/Src/stm32f1xx_hal_rcc.c.obj
 .debug_abbrev  0x000017bc      0x20b CMakeFiles/PWM_Driver.dir/Drivers/STM32F1xx_HAL_Driver/Src/stm32f1xx_hal_dma.c.obj
 .debug_abbrev  0x000019c7      0x2f8 CMakeFiles/PWM_Driver.dir/Drivers/STM32F1xx_HAL_Driver/Src/stm32f1xx_hal_cortex.c.obj
 .debug_abbrev  0x00001cbf      0x2f8 CMakeFiles/PWM_Driver.dir/Drivers/STM32F1xx_HAL_Driver/Src/stm32f1xx_hal_uart.c.obj
 .debug_abbrev  0x00001fb7      0x13f CMakeFiles/PWM_Driver.dir/Core/Src/system_stm32f1xx.c.obj
 .debug_abbrev  0x000020f6       0x24 CMakeFiles/PWM_Driver.dir/startup_stm32f103xb.s.obj

.debug_aranges  0x00000000      0xe50
 .debug_aranges
                0x00000000       0x30 CMakeFiles/PWM_Driver.dir/Core/Src/main.c.obj
 .debug_aranges
                0x00000030       0x40 CMakeFiles/PWM_Driver.dir/Core/Src/motor.c.obj
 .debug_aranges
                0x00000070       0x70 CMakeFiles/PWM_Driver.dir/Core/Src/printer.c.obj
 .debug_aranges
                0x000000e0       0xe0 CMakeFiles/PWM_Driver.dir/Drivers/STM32F1xx_HAL_Driver/Src/stm32f1xx_hal.c.obj
 .debug_aranges
                0x000001c0      0x3d0 CMakeFiles/PWM_Driver.dir/Drivers/STM32F1xx_HAL_Driver/Src/stm32f1xx_hal_tim.c.obj
 .debug_aranges
                0x00000590      0x168 CMakeFiles/PWM_Driver.dir/Drivers/STM32F1xx_HAL_Driver/Src/stm32f1xx_hal_tim_ex.c.obj
 .debug_aranges
                0x000006f8       0x58 CMakeFiles/PWM_Driver.dir/Drivers/STM32F1xx_HAL_Driver/Src/stm32f1xx_hal_gpio.c.obj
 .debug_aranges
                0x00000750       0x70 CMakeFiles/PWM_Driver.dir/Core/Src/stm32f1xx_it.c.obj
 .debug_aranges
                0x000007c0       0x58 CMakeFiles/PWM_Driver.dir/Core/Src/stm32f1xx_hal_msp.c.obj
 .debug_aranges
                0x00000818      0x1d0 CMakeFiles/PWM_Driver.dir/Drivers/STM32F1xx_HAL_Driver/Src/stm32f1xx_hal_spi.c.obj
 .debug_aranges
                0x000009e8       0x90 CMakeFiles/PWM_Driver.dir/Drivers/STM32F1xx_HAL_Driver/Src/stm32f1xx_hal_rcc.c.obj
 .debug_aranges
                0x00000a78       0x80 CMakeFiles/PWM_Driver.dir/Drivers/STM32F1xx_HAL_Driver/Src/stm32f1xx_hal_dma.c.obj
 .debug_aranges
                0x00000af8      0x100 CMakeFiles/PWM_Driver.dir/Drivers/STM32F1xx_HAL_Driver/Src/stm32f1xx_hal_cortex.c.obj
 .debug_aranges
                0x00000bf8      0x208 CMakeFiles/PWM_Driver.dir/Drivers/STM32F1xx_HAL_Driver/Src/stm32f1xx_hal_uart.c.obj
 .debug_aranges
                0x00000e00       0x28 CMakeFiles/PWM_Driver.dir/Core/Src/system_stm32f1xx.c.obj
 .debug_aranges
                0x00000e28       0x28 CMakeFiles/PWM_Driver.dir/startup_stm32f103xb.s.obj

.debug_rnglists
                0x00000000      0xb36
 .debug_rnglists
                0x00000000       0x20 CMakeFiles/PWM_Driver.dir/Core/Src/main.c.obj
 .debug_rnglists
                0x00000020       0x2d CMakeFiles/PWM_Driver.dir/Core/Src/motor.c.obj
 .debug_rnglists
                0x0000004d       0x52 CMakeFiles/PWM_Driver.dir/Core/Src/printer.c.obj
 .debug_rnglists
                0x0000009f       0xa3 CMakeFiles/PWM_Driver.dir/Drivers/STM32F1xx_HAL_Driver/Src/stm32f1xx_hal.c.obj
 .debug_rnglists
                0x00000142      0x31a CMakeFiles/PWM_Driver.dir/Drivers/STM32F1xx_HAL_Driver/Src/stm32f1xx_hal_tim.c.obj
 .debug_rnglists
                0x0000045c      0x125 CMakeFiles/PWM_Driver.dir/Drivers/STM32F1xx_HAL_Driver/Src/stm32f1xx_hal_tim_ex.c.obj
 .debug_rnglists
                0x00000581       0x3f CMakeFiles/PWM_Driver.dir/Drivers/STM32F1xx_HAL_Driver/Src/stm32f1xx_hal_gpio.c.obj
 .debug_rnglists
                0x000005c0       0x4f CMakeFiles/PWM_Driver.dir/Core/Src/stm32f1xx_it.c.obj
 .debug_rnglists
                0x0000060f       0x3f CMakeFiles/PWM_Driver.dir/Core/Src/stm32f1xx_hal_msp.c.obj
 .debug_rnglists
                0x0000064e      0x16e CMakeFiles/PWM_Driver.dir/Drivers/STM32F1xx_HAL_Driver/Src/stm32f1xx_hal_spi.c.obj
 .debug_rnglists
                0x000007bc       0x6c CMakeFiles/PWM_Driver.dir/Drivers/STM32F1xx_HAL_Driver/Src/stm32f1xx_hal_rcc.c.obj
 .debug_rnglists
                0x00000828       0x64 CMakeFiles/PWM_Driver.dir/Drivers/STM32F1xx_HAL_Driver/Src/stm32f1xx_hal_dma.c.obj
 .debug_rnglists
                0x0000088c       0xbb CMakeFiles/PWM_Driver.dir/Drivers/STM32F1xx_HAL_Driver/Src/stm32f1xx_hal_cortex.c.obj
 .debug_rnglists
                0x00000947      0x1bc CMakeFiles/PWM_Driver.dir/Drivers/STM32F1xx_HAL_Driver/Src/stm32f1xx_hal_uart.c.obj
 .debug_rnglists
                0x00000b03       0x1a CMakeFiles/PWM_Driver.dir/Core/Src/system_stm32f1xx.c.obj
 .debug_rnglists
                0x00000b1d       0x19 CMakeFiles/PWM_Driver.dir/startup_stm32f103xb.s.obj

.debug_macro    0x00000000    0x1746b
 .debug_macro   0x00000000      0x1c9 CMakeFiles/PWM_Driver.dir/Core/Src/main.c.obj
 .debug_macro   0x000001c9      0xaa8 CMakeFiles/PWM_Driver.dir/Core/Src/main.c.obj
 .debug_macro   0x00000c71      0x221 CMakeFiles/PWM_Driver.dir/Core/Src/main.c.obj
 .debug_macro   0x00000e92       0x2e CMakeFiles/PWM_Driver.dir/Core/Src/main.c.obj
 .debug_macro   0x00000ec0       0x22 CMakeFiles/PWM_Driver.dir/Core/Src/main.c.obj
 .debug_macro   0x00000ee2       0x22 CMakeFiles/PWM_Driver.dir/Core/Src/main.c.obj
 .debug_macro   0x00000f04       0x8e CMakeFiles/PWM_Driver.dir/Core/Src/main.c.obj
 .debug_macro   0x00000f92       0x51 CMakeFiles/PWM_Driver.dir/Core/Src/main.c.obj
 .debug_macro   0x00000fe3      0x103 CMakeFiles/PWM_Driver.dir/Core/Src/main.c.obj
 .debug_macro   0x000010e6       0x6a CMakeFiles/PWM_Driver.dir/Core/Src/main.c.obj
 .debug_macro   0x00001150      0x1df CMakeFiles/PWM_Driver.dir/Core/Src/main.c.obj
 .debug_macro   0x0000132f       0x1c CMakeFiles/PWM_Driver.dir/Core/Src/main.c.obj
 .debug_macro   0x0000134b       0x22 CMakeFiles/PWM_Driver.dir/Core/Src/main.c.obj
 .debug_macro   0x0000136d       0xbd CMakeFiles/PWM_Driver.dir/Core/Src/main.c.obj
 .debug_macro   0x0000142a      0xd23 CMakeFiles/PWM_Driver.dir/Core/Src/main.c.obj
 .debug_macro   0x0000214d     0xe09e CMakeFiles/PWM_Driver.dir/Core/Src/main.c.obj
 .debug_macro   0x000101eb       0x6d CMakeFiles/PWM_Driver.dir/Core/Src/main.c.obj
 .debug_macro   0x00010258     0x34a2 CMakeFiles/PWM_Driver.dir/Core/Src/main.c.obj
 .debug_macro   0x000136fa      0x189 CMakeFiles/PWM_Driver.dir/Core/Src/main.c.obj
 .debug_macro   0x00013883       0x5c CMakeFiles/PWM_Driver.dir/Core/Src/main.c.obj
 .debug_macro   0x000138df      0x5bc CMakeFiles/PWM_Driver.dir/Core/Src/main.c.obj
 .debug_macro   0x00013e9b      0x289 CMakeFiles/PWM_Driver.dir/Core/Src/main.c.obj
 .debug_macro   0x00014124      0x1cb CMakeFiles/PWM_Driver.dir/Core/Src/main.c.obj
 .debug_macro   0x000142ef      0x114 CMakeFiles/PWM_Driver.dir/Core/Src/main.c.obj
 .debug_macro   0x00014403      0x1b2 CMakeFiles/PWM_Driver.dir/Core/Src/main.c.obj
 .debug_macro   0x000145b5       0x27 CMakeFiles/PWM_Driver.dir/Core/Src/main.c.obj
 .debug_macro   0x000145dc      0x136 CMakeFiles/PWM_Driver.dir/Core/Src/main.c.obj
 .debug_macro   0x00014712      0x1bc CMakeFiles/PWM_Driver.dir/Core/Src/main.c.obj
 .debug_macro   0x000148ce       0x34 CMakeFiles/PWM_Driver.dir/Core/Src/main.c.obj
 .debug_macro   0x00014902       0x3c CMakeFiles/PWM_Driver.dir/Core/Src/main.c.obj
 .debug_macro   0x0001493e       0x57 CMakeFiles/PWM_Driver.dir/Core/Src/main.c.obj
 .debug_macro   0x00014995       0x87 CMakeFiles/PWM_Driver.dir/Core/Src/main.c.obj
 .debug_macro   0x00014a1c      0x240 CMakeFiles/PWM_Driver.dir/Core/Src/main.c.obj
 .debug_macro   0x00014c5c      0x140 CMakeFiles/PWM_Driver.dir/Core/Src/main.c.obj
 .debug_macro   0x00014d9c      0x217 CMakeFiles/PWM_Driver.dir/Core/Src/main.c.obj
 .debug_macro   0x00014fb3      0x8ed CMakeFiles/PWM_Driver.dir/Core/Src/main.c.obj
 .debug_macro   0x000158a0      0x28e CMakeFiles/PWM_Driver.dir/Core/Src/main.c.obj
 .debug_macro   0x00015b2e       0x83 CMakeFiles/PWM_Driver.dir/Core/Src/main.c.obj
 .debug_macro   0x00015bb1       0x28 CMakeFiles/PWM_Driver.dir/Core/Src/main.c.obj
 .debug_macro   0x00015bd9       0x2e CMakeFiles/PWM_Driver.dir/Core/Src/main.c.obj
 .debug_macro   0x00015c07      0x1c0 CMakeFiles/PWM_Driver.dir/Core/Src/motor.c.obj
 .debug_macro   0x00015dc7      0x1bf CMakeFiles/PWM_Driver.dir/Core/Src/printer.c.obj
 .debug_macro   0x00015f86      0x1d1 CMakeFiles/PWM_Driver.dir/Drivers/STM32F1xx_HAL_Driver/Src/stm32f1xx_hal.c.obj
 .debug_macro   0x00016157      0x1ae CMakeFiles/PWM_Driver.dir/Drivers/STM32F1xx_HAL_Driver/Src/stm32f1xx_hal_tim.c.obj
 .debug_macro   0x00016305      0x1ad CMakeFiles/PWM_Driver.dir/Drivers/STM32F1xx_HAL_Driver/Src/stm32f1xx_hal_tim_ex.c.obj
 .debug_macro   0x000164b2      0x218 CMakeFiles/PWM_Driver.dir/Drivers/STM32F1xx_HAL_Driver/Src/stm32f1xx_hal_gpio.c.obj
 .debug_macro   0x000166ca      0x1c1 CMakeFiles/PWM_Driver.dir/Core/Src/stm32f1xx_it.c.obj
 .debug_macro   0x0001688b      0x1b7 CMakeFiles/PWM_Driver.dir/Core/Src/stm32f1xx_hal_msp.c.obj
 .debug_macro   0x00016a42      0x1b5 CMakeFiles/PWM_Driver.dir/Drivers/STM32F1xx_HAL_Driver/Src/stm32f1xx_hal_spi.c.obj
 .debug_macro   0x00016bf7      0x1bf CMakeFiles/PWM_Driver.dir/Drivers/STM32F1xx_HAL_Driver/Src/stm32f1xx_hal_rcc.c.obj
 .debug_macro   0x00016db6      0x1ad CMakeFiles/PWM_Driver.dir/Drivers/STM32F1xx_HAL_Driver/Src/stm32f1xx_hal_dma.c.obj
 .debug_macro   0x00016f63      0x1ad CMakeFiles/PWM_Driver.dir/Drivers/STM32F1xx_HAL_Driver/Src/stm32f1xx_hal_cortex.c.obj
 .debug_macro   0x00017110      0x1ae CMakeFiles/PWM_Driver.dir/Drivers/STM32F1xx_HAL_Driver/Src/stm32f1xx_hal_uart.c.obj
 .debug_macro   0x000172be      0x1ad CMakeFiles/PWM_Driver.dir/Core/Src/system_stm32f1xx.c.obj

.debug_line     0x00000000    0x11039
 .debug_line    0x00000000      0x8b3 CMakeFiles/PWM_Driver.dir/Core/Src/main.c.obj
 .debug_line    0x000008b3      0x93a CMakeFiles/PWM_Driver.dir/Core/Src/motor.c.obj
 .debug_line    0x000011ed      0xa71 CMakeFiles/PWM_Driver.dir/Core/Src/printer.c.obj
 .debug_line    0x00001c5e      0xaca CMakeFiles/PWM_Driver.dir/Drivers/STM32F1xx_HAL_Driver/Src/stm32f1xx_hal.c.obj
 .debug_line    0x00002728     0x35ef CMakeFiles/PWM_Driver.dir/Drivers/STM32F1xx_HAL_Driver/Src/stm32f1xx_hal_tim.c.obj
 .debug_line    0x00005d17     0x1a19 CMakeFiles/PWM_Driver.dir/Drivers/STM32F1xx_HAL_Driver/Src/stm32f1xx_hal_tim_ex.c.obj
 .debug_line    0x00007730      0xb63 CMakeFiles/PWM_Driver.dir/Drivers/STM32F1xx_HAL_Driver/Src/stm32f1xx_hal_gpio.c.obj
 .debug_line    0x00008293      0x911 CMakeFiles/PWM_Driver.dir/Core/Src/stm32f1xx_it.c.obj
 .debug_line    0x00008ba4      0x93d CMakeFiles/PWM_Driver.dir/Core/Src/stm32f1xx_hal_msp.c.obj
 .debug_line    0x000094e1     0x1dee CMakeFiles/PWM_Driver.dir/Drivers/STM32F1xx_HAL_Driver/Src/stm32f1xx_hal_spi.c.obj
 .debug_line    0x0000b2cf      0xed3 CMakeFiles/PWM_Driver.dir/Drivers/STM32F1xx_HAL_Driver/Src/stm32f1xx_hal_rcc.c.obj
 .debug_line    0x0000c1a2      0xf23 CMakeFiles/PWM_Driver.dir/Drivers/STM32F1xx_HAL_Driver/Src/stm32f1xx_hal_dma.c.obj
 .debug_line    0x0000d0c5      0xcb6 CMakeFiles/PWM_Driver.dir/Drivers/STM32F1xx_HAL_Driver/Src/stm32f1xx_hal_cortex.c.obj
 .debug_line    0x0000dd7b     0x29a9 CMakeFiles/PWM_Driver.dir/Drivers/STM32F1xx_HAL_Driver/Src/stm32f1xx_hal_uart.c.obj
 .debug_line    0x00010724      0x89d CMakeFiles/PWM_Driver.dir/Core/Src/system_stm32f1xx.c.obj
 .debug_line    0x00010fc1       0x78 CMakeFiles/PWM_Driver.dir/startup_stm32f103xb.s.obj

.debug_str      0x00000000    0x88855
 .debug_str     0x00000000    0x84a7a CMakeFiles/PWM_Driver.dir/Core/Src/main.c.obj
                              0x84d98 (size before relaxing)
 .debug_str     0x00084a7a      0x95b CMakeFiles/PWM_Driver.dir/Core/Src/motor.c.obj
                              0x855d2 (size before relaxing)
 .debug_str     0x000853d5      0x494 CMakeFiles/PWM_Driver.dir/Core/Src/printer.c.obj
                              0x8568e (size before relaxing)
 .debug_str     0x00085869      0x3d7 CMakeFiles/PWM_Driver.dir/Drivers/STM32F1xx_HAL_Driver/Src/stm32f1xx_hal.c.obj
                              0x852ad (size before relaxing)
 .debug_str     0x00085c40      0xe74 CMakeFiles/PWM_Driver.dir/Drivers/STM32F1xx_HAL_Driver/Src/stm32f1xx_hal_tim.c.obj
                              0x85fab (size before relaxing)
 .debug_str     0x00086ab4      0x4c8 CMakeFiles/PWM_Driver.dir/Drivers/STM32F1xx_HAL_Driver/Src/stm32f1xx_hal_tim_ex.c.obj
                              0x857b7 (size before relaxing)
 .debug_str     0x00086f7c      0x359 CMakeFiles/PWM_Driver.dir/Drivers/STM32F1xx_HAL_Driver/Src/stm32f1xx_hal_gpio.c.obj
                              0x84f00 (size before relaxing)
 .debug_str     0x000872d5      0x128 CMakeFiles/PWM_Driver.dir/Core/Src/stm32f1xx_it.c.obj
                              0x852a5 (size before relaxing)
 .debug_str     0x000873fd       0xbd CMakeFiles/PWM_Driver.dir/Core/Src/stm32f1xx_hal_msp.c.obj
                              0x857c3 (size before relaxing)
 .debug_str     0x000874ba      0x55d CMakeFiles/PWM_Driver.dir/Drivers/STM32F1xx_HAL_Driver/Src/stm32f1xx_hal_spi.c.obj
                              0x854a0 (size before relaxing)
 .debug_str     0x00087a17      0x26f CMakeFiles/PWM_Driver.dir/Drivers/STM32F1xx_HAL_Driver/Src/stm32f1xx_hal_rcc.c.obj
                              0x84fa9 (size before relaxing)
 .debug_str     0x00087c86      0x22a CMakeFiles/PWM_Driver.dir/Drivers/STM32F1xx_HAL_Driver/Src/stm32f1xx_hal_dma.c.obj
                              0x84f23 (size before relaxing)
 .debug_str     0x00087eb0      0x2c9 CMakeFiles/PWM_Driver.dir/Drivers/STM32F1xx_HAL_Driver/Src/stm32f1xx_hal_cortex.c.obj
                              0x851f9 (size before relaxing)
 .debug_str     0x00088179      0x5eb CMakeFiles/PWM_Driver.dir/Drivers/STM32F1xx_HAL_Driver/Src/stm32f1xx_hal_uart.c.obj
                              0x8561a (size before relaxing)
 .debug_str     0x00088764       0x87 CMakeFiles/PWM_Driver.dir/Core/Src/system_stm32f1xx.c.obj
                              0x84b7a (size before relaxing)
 .debug_str     0x000887eb       0x6a CMakeFiles/PWM_Driver.dir/startup_stm32f103xb.s.obj
                                 0xae (size before relaxing)

.comment        0x00000000       0x43
 .comment       0x00000000       0x43 CMakeFiles/PWM_Driver.dir/Core/Src/main.c.obj
                                 0x44 (size before relaxing)
 .comment       0x00000043       0x44 CMakeFiles/PWM_Driver.dir/Core/Src/motor.c.obj
 .comment       0x00000043       0x44 CMakeFiles/PWM_Driver.dir/Core/Src/printer.c.obj
 .comment       0x00000043       0x44 CMakeFiles/PWM_Driver.dir/Drivers/STM32F1xx_HAL_Driver/Src/stm32f1xx_hal.c.obj
 .comment       0x00000043       0x44 CMakeFiles/PWM_Driver.dir/Drivers/STM32F1xx_HAL_Driver/Src/stm32f1xx_hal_tim.c.obj
 .comment       0x00000043       0x44 CMakeFiles/PWM_Driver.dir/Drivers/STM32F1xx_HAL_Driver/Src/stm32f1xx_hal_tim_ex.c.obj
 .comment       0x00000043       0x44 CMakeFiles/PWM_Driver.dir/Drivers/STM32F1xx_HAL_Driver/Src/stm32f1xx_hal_gpio.c.obj
 .comment       0x00000043       0x44 CMakeFiles/PWM_Driver.dir/Core/Src/stm32f1xx_it.c.obj
 .comment       0x00000043       0x44 CMakeFiles/PWM_Driver.dir/Core/Src/stm32f1xx_hal_msp.c.obj
 .comment       0x00000043       0x44 CMakeFiles/PWM_Driver.dir/Drivers/STM32F1xx_HAL_Driver/Src/stm32f1xx_hal_spi.c.obj
 .comment       0x00000043       0x44 CMakeFiles/PWM_Driver.dir/Drivers/STM32F1xx_HAL_Driver/Src/stm32f1xx_hal_rcc.c.obj
 .comment       0x00000043       0x44 CMakeFiles/PWM_Driver.dir/Drivers/STM32F1xx_HAL_Driver/Src/stm32f1xx_hal_dma.c.obj
 .comment       0x00000043       0x44 CMakeFiles/PWM_Driver.dir/Drivers/STM32F1xx_HAL_Driver/Src/stm32f1xx_hal_cortex.c.obj
 .comment       0x00000043       0x44 CMakeFiles/PWM_Driver.dir/Drivers/STM32F1xx_HAL_Driver/Src/stm32f1xx_hal_uart.c.obj
 .comment       0x00000043       0x44 CMakeFiles/PWM_Driver.dir/Core/Src/system_stm32f1xx.c.obj

.debug_line_str
                0x00000000       0x92
 .debug_line_str
                0x00000000       0x92 CMakeFiles/PWM_Driver.dir/startup_stm32f103xb.s.obj
